src/components/daw/PianoRoll.tsx(358,1): error TS1128: Declaration or statement expected.
